+ curl -fsSL -o av.tar.gz https://github.com/apple-oss-distributions/AvailabilityVersions/archive/refs/tags/AvailabilityVersions-32.30.1.tar.gz
+ tar xzf av.tar.gz
+ cd AvailabilityVersions-AvailabilityVersions-32.30.1
+ sudo make install SRCROOT=/Users/runner/work/redwood-xnu/redwood-xnu/AvailabilityVersions-AvailabilityVersions-32.30.1 DSTROOT=/
+ cd ..
+ curl -fsSL -o ld.tar.gz https://github.com/apple-oss-distributions/libdispatch/archive/refs/tags/libdispatch-913.30.4.tar.gz
+ tar xzf ld.tar.gz
+ cd libdispatch-libdispatch-913.30.4
+ mkdir -p obj sym dst
+ xcodebuild install -sdk macosx -target libfirehose_kernel SRCROOT=/Users/runner/work/redwood-xnu/redwood-xnu/libdispatch-libdispatch-913.30.4 OBJROOT=/Users/runner/work/redwood-xnu/redwood-xnu/libdispatch-libdispatch-913.30.4/obj SYMROOT=/Users/runner/work/redwood-xnu/redwood-xnu/libdispatch-libdispatch-913.30.4/sym DSTROOT=/Users/runner/work/redwood-xnu/redwood-xnu/libdispatch-libdispatch-913.30.4/dst ENABLE_BITCODE=no CODE_SIGNING_ALLOWED=never -quiet
/Users/runner/work/redwood-xnu/redwood-xnu/libdispatch-libdispatch-913.30.4/xcodeconfig/libdispatch.xcconfig:21:1: error: included file '<DEVELOPER_DIR>/Makefiles/CoreOS/Xcode/BSD.xcconfig' does not exist
/Users/runner/work/redwood-xnu/redwood-xnu/libdispatch-libdispatch-913.30.4/xcodeconfig/libdispatch.xcconfig:22:1: error: included file '<DEVELOPER_DIR>/AppleInternal/XcodeConfig/PlatformSupport.xcconfig' does not exist
** INSTALL FAILED **

+ echo 'WARN: firehose rc=65'
WARN: firehose rc=65
+ sudo ditto /Users/runner/work/redwood-xnu/redwood-xnu/libdispatch-libdispatch-913.30.4/dst/usr/local /
ditto: Cannot get the real path for source '/Users/runner/work/redwood-xnu/redwood-xnu/libdispatch-libdispatch-913.30.4/dst/usr/local'
+ true
+ cd ..
+ curl -fsSL -o dt.tar.gz https://github.com/apple-oss-distributions/dtrace/archive/refs/tags/dtrace-262.tar.gz
+ tar xzf dt.tar.gz
+ cd dtrace-262
/Users/runner/work/_temp/802ffd1b-4a26-48d6-8126-8fe2e9411c48.sh: line 24: cd: dtrace-262: No such file or directory
